  Determining projects to restore...
C:\Users\Aaron Sequeira\NexusHome_IoT\NexusHome.IoT.csproj : warning NU1608: Detected package version outside of dependency constraint: AutoMapper.Extensions.Microsoft.DependencyInjection 12.0.1 requires AutoMapper (= 12.0.1) but version AutoMapper 13.0.1 was resolved.
C:\Users\Aaron Sequeira\NexusHome_IoT\NexusHome.IoT.csproj : warning NU1608: Detected package version outside of dependency constraint: MediatR.Extensions.Microsoft.DependencyInjection 11.1.0 requires MediatR (>= 11.0.0 && < 12.0.0) but version MediatR 12.4.1 was resolved.
  All projects are up-to-date for restore.
  Building NexusHome IoT Platform v2.1.0 in Debug mode...
C:\Users\Aaron Sequeira\NexusHome_IoT\NexusHome.IoT.csproj : warning NU1608: Detected package version outside of dependency constraint: AutoMapper.Extensions.Microsoft.DependencyInjection 12.0.1 requires AutoMapper (= 12.0.1) but version AutoMapper 13.0.1 was resolved.
C:\Users\Aaron Sequeira\NexusHome_IoT\NexusHome.IoT.csproj : warning NU1608: Detected package version outside of dependency constraint: MediatR.Extensions.Microsoft.DependencyInjection 11.1.0 requires MediatR (>= 11.0.0 && < 12.0.0) but version MediatR 12.4.1 was resolved.
C:\Users\Aaron Sequeira\.nuget\packages\microsoft.net.test.sdk\17.11.1\build\netcoreapp3.1\Microsoft.NET.Test.Sdk.Program.cs(4,41): warning CS7022: The entry point of the program is global code; ignoring 'AutoGeneratedProgram.Main(string[])' entry point. [C:\Users\Aaron Sequeira\NexusHome_IoT\NexusHome.IoT.csproj]
C:\Users\Aaron Sequeira\NexusHome_IoT\Core\Services\SecurityManager.cs(15,29): warning CS1998: This async method lacks 'await' operators and will run synchronously. Consider using the 'await' operator to await non-blocking API calls, or 'await Task.Run(...)' to do CPU-bound work on a background thread. [C:\Users\Aaron Sequeira\NexusHome_IoT\NexusHome.IoT.csproj]
C:\Users\Aaron Sequeira\NexusHome_IoT\Core\Services\PredictiveMaintenanceService.cs(53,47): warning CS1998: This async method lacks 'await' operators and will run synchronously. Consider using the 'await' operator to await non-blocking API calls, or 'await Task.Run(...)' to do CPU-bound work on a background thread. [C:\Users\Aaron Sequeira\NexusHome_IoT\NexusHome.IoT.csproj]
C:\Users\Aaron Sequeira\NexusHome_IoT\Core\Services\PredictiveMaintenanceService.cs(63,42): warning CS1998: This async method lacks 'await' operators and will run synchronously. Consider using the 'await' operator to await non-blocking API calls, or 'await Task.Run(...)' to do CPU-bound work on a background thread. [C:\Users\Aaron Sequeira\NexusHome_IoT\NexusHome.IoT.csproj]
C:\Users\Aaron Sequeira\NexusHome_IoT\Infrastructure\Services\MatterService.cs(78,23): warning CS1998: This async method lacks 'await' operators and will run synchronously. Consider using the 'await' operator to await non-blocking API calls, or 'await Task.Run(...)' to do CPU-bound work on a background thread. [C:\Users\Aaron Sequeira\NexusHome_IoT\NexusHome.IoT.csproj]
C:\Users\Aaron Sequeira\NexusHome_IoT\Core\DTOs\EnergyOptimizationDTOs.cs(274,19): warning CS8618: Non-nullable property 'CurrentSettings' must contain a non-null value when exiting constructor. Consider adding the 'required' modifier or declaring the property as nullable. [C:\Users\Aaron Sequeira\NexusHome_IoT\NexusHome.IoT.csproj]
C:\Users\Aaron Sequeira\NexusHome_IoT\Core\DTOs\EnergyOptimizationDTOs.cs(275,19): warning CS8618: Non-nullable property 'OptimalSettings' must contain a non-null value when exiting constructor. Consider adding the 'required' modifier or declaring the property as nullable. [C:\Users\Aaron Sequeira\NexusHome_IoT\NexusHome.IoT.csproj]
C:\Users\Aaron Sequeira\NexusHome_IoT\Core\DTOs\EnergyOptimizationDTOs.cs(261,31): warning CS8618: Non-nullable property 'UserPreferences' must contain a non-null value when exiting constructor. Consider adding the 'required' modifier or declaring the property as nullable. [C:\Users\Aaron Sequeira\NexusHome_IoT\NexusHome.IoT.csproj]
C:\Users\Aaron Sequeira\NexusHome_IoT\Core\DTOs\EnergyOptimizationDTOs.cs(51,19): warning CS8618: Non-nullable property 'CurrentSchedule' must contain a non-null value when exiting constructor. Consider adding the 'required' modifier or declaring the property as nullable. [C:\Users\Aaron Sequeira\NexusHome_IoT\NexusHome.IoT.csproj]
C:\Users\Aaron Sequeira\NexusHome_IoT\Core\DTOs\EnergyOptimizationDTOs.cs(52,19): warning CS8618: Non-nullable property 'RecommendedSchedule' must contain a non-null value when exiting constructor. Consider adding the 'required' modifier or declaring the property as nullable. [C:\Users\Aaron Sequeira\NexusHome_IoT\NexusHome.IoT.csproj]
C:\Users\Aaron Sequeira\NexusHome_IoT\Controllers\AutomationController.cs(134,31): warning CS8601: Possible null reference assignment. [C:\Users\Aaron Sequeira\NexusHome_IoT\NexusHome.IoT.csproj]
C:\Users\Aaron Sequeira\NexusHome_IoT\Infrastructure\Services\DeviceDataCollectionService.cs(57,24): warning CS1998: This async method lacks 'await' operators and will run synchronously. Consider using the 'await' operator to await non-blocking API calls, or 'await Task.Run(...)' to do CPU-bound work on a background thread. [C:\Users\Aaron Sequeira\NexusHome_IoT\NexusHome.IoT.csproj]
C:\Users\Aaron Sequeira\NexusHome_IoT\Core\DTOs\EnergyOptimizationDTOs.cs(196,27): warning CS8618: Non-nullable property 'PredictionInterval' must contain a non-null value when exiting constructor. Consider adding the 'required' modifier or declaring the property as nullable. [C:\Users\Aaron Sequeira\NexusHome_IoT\NexusHome.IoT.csproj]
C:\Users\Aaron Sequeira\NexusHome_IoT\Core\DTOs\EnergyOptimizationDTOs.cs(80,19): warning CS8618: Non-nullable property 'ChargingSchedule' must contain a non-null value when exiting constructor. Consider adding the 'required' modifier or declaring the property as nullable. [C:\Users\Aaron Sequeira\NexusHome_IoT\NexusHome.IoT.csproj]
C:\Users\Aaron Sequeira\NexusHome_IoT\Core\DTOs\EnergyOptimizationDTOs.cs(81,19): warning CS8618: Non-nullable property 'DischargingSchedule' must contain a non-null value when exiting constructor. Consider adding the 'required' modifier or declaring the property as nullable. [C:\Users\Aaron Sequeira\NexusHome_IoT\NexusHome.IoT.csproj]
C:\Users\Aaron Sequeira\NexusHome_IoT\Core\DTOs\EnergyOptimizationDTOs.cs(100,19): warning CS8618: Non-nullable property 'DirectConsumptionPlan' must contain a non-null value when exiting constructor. Consider adding the 'required' modifier or declaring the property as nullable. [C:\Users\Aaron Sequeira\NexusHome_IoT\NexusHome.IoT.csproj]
C:\Users\Aaron Sequeira\NexusHome_IoT\Core\DTOs\EnergyOptimizationDTOs.cs(101,19): warning CS8618: Non-nullable property 'StorageAllocationPlan' must contain a non-null value when exiting constructor. Consider adding the 'required' modifier or declaring the property as nullable. [C:\Users\Aaron Sequeira\NexusHome_IoT\NexusHome.IoT.csproj]
C:\Users\Aaron Sequeira\NexusHome_IoT\Core\DTOs\EnergyOptimizationDTOs.cs(102,19): warning CS8618: Non-nullable property 'GridExportPlan' must contain a non-null value when exiting constructor. Consider adding the 'required' modifier or declaring the property as nullable. [C:\Users\Aaron Sequeira\NexusHome_IoT\NexusHome.IoT.csproj]
C:\Users\Aaron Sequeira\NexusHome_IoT\Core\DTOs\EnergyOptimizationDTOs.cs(167,19): warning CS8618: Non-nullable property 'ActionId' must contain a non-null value when exiting constructor. Consider adding the 'required' modifier or declaring the property as nullable. [C:\Users\Aaron Sequeira\NexusHome_IoT\NexusHome.IoT.csproj]
C:\Users\Aaron Sequeira\NexusHome_IoT\Infrastructure\Services\MatterService.cs(164,24): warning CS1998: This async method lacks 'await' operators and will run synchronously. Consider using the 'await' operator to await non-blocking API calls, or 'await Task.Run(...)' to do CPU-bound work on a background thread. [C:\Users\Aaron Sequeira\NexusHome_IoT\NexusHome.IoT.csproj]
C:\Users\Aaron Sequeira\NexusHome_IoT\Infrastructure\Data\DatabaseSeeder.cs(181,31): warning CS1998: This async method lacks 'await' operators and will run synchronously. Consider using the 'await' operator to await non-blocking API calls, or 'await Task.Run(...)' to do CPU-bound work on a background thread. [C:\Users\Aaron Sequeira\NexusHome_IoT\NexusHome.IoT.csproj]
C:\Users\Aaron Sequeira\NexusHome_IoT\Infrastructure\Data\DatabaseSeeder.cs(229,31): warning CS1998: This async method lacks 'await' operators and will run synchronously. Consider using the 'await' operator to await non-blocking API calls, or 'await Task.Run(...)' to do CPU-bound work on a background thread. [C:\Users\Aaron Sequeira\NexusHome_IoT\NexusHome.IoT.csproj]
C:\Users\Aaron Sequeira\NexusHome_IoT\Tests\Unit\Services\EnhancedMqttClientServiceTests.cs(380,13): warning CS0219: The variable 'messageReceived' is assigned but its value is never used [C:\Users\Aaron Sequeira\NexusHome_IoT\NexusHome.IoT.csproj]
C:\Users\Aaron Sequeira\NexusHome_IoT\Core\Services\EnergyOptimizationService.cs(240,55): warning CS1998: This async method lacks 'await' operators and will run synchronously. Consider using the 'await' operator to await non-blocking API calls, or 'await Task.Run(...)' to do CPU-bound work on a background thread. [C:\Users\Aaron Sequeira\NexusHome_IoT\NexusHome.IoT.csproj]
C:\Users\Aaron Sequeira\NexusHome_IoT\Tests\Integration\Controllers\SmartDevicesControllerIntegrationTests.cs(434,9): warning CS8602: Dereference of a possibly null reference. [C:\Users\Aaron Sequeira\NexusHome_IoT\NexusHome.IoT.csproj]
C:\Users\Aaron Sequeira\NexusHome_IoT\Tests\Integration\Controllers\SmartDevicesControllerIntegrationTests.cs(518,9): warning CS8602: Dereference of a possibly null reference. [C:\Users\Aaron Sequeira\NexusHome_IoT\NexusHome.IoT.csproj]
C:\Users\Aaron Sequeira\NexusHome_IoT\Infrastructure\Services\MatterService.cs(25,55): warning CS0067: The event 'MatterService.DeviceCommissioned' is never used [C:\Users\Aaron Sequeira\NexusHome_IoT\NexusHome.IoT.csproj]
C:\Users\Aaron Sequeira\NexusHome_IoT\Infrastructure\Services\MatterService.cs(26,55): warning CS0067: The event 'MatterService.DeviceDecommissioned' is never used [C:\Users\Aaron Sequeira\NexusHome_IoT\NexusHome.IoT.csproj]
C:\Users\Aaron Sequeira\NexusHome_IoT\Infrastructure\Services\MatterService.cs(27,58): warning CS0067: The event 'MatterService.AttributeChanged' is never used [C:\Users\Aaron Sequeira\NexusHome_IoT\NexusHome.IoT.csproj]
C:\Users\Aaron Sequeira\NexusHome_IoT\Infrastructure\Services\MatterService.cs(21,18): warning CS0414: The field 'MatterService._isStarted' is assigned but its value is never used [C:\Users\Aaron Sequeira\NexusHome_IoT\NexusHome.IoT.csproj]
C:\Users\Aaron Sequeira\NexusHome_IoT\API\Middleware\SecurityHeadersMiddleware.cs(17,13): warning ASP0019: Use IHeaderDictionary.Append or the indexer to append or set headers. IDictionary.Add will throw an ArgumentException when attempting to add a duplicate key. (https://aka.ms/aspnet/analyzers) [C:\Users\Aaron Sequeira\NexusHome_IoT\NexusHome.IoT.csproj]
C:\Users\Aaron Sequeira\NexusHome_IoT\API\Middleware\SecurityHeadersMiddleware.cs(18,13): warning ASP0019: Use IHeaderDictionary.Append or the indexer to append or set headers. IDictionary.Add will throw an ArgumentException when attempting to add a duplicate key. (https://aka.ms/aspnet/analyzers) [C:\Users\Aaron Sequeira\NexusHome_IoT\NexusHome.IoT.csproj]
C:\Users\Aaron Sequeira\NexusHome_IoT\API\Middleware\SecurityHeadersMiddleware.cs(19,13): warning ASP0019: Use IHeaderDictionary.Append or the indexer to append or set headers. IDictionary.Add will throw an ArgumentException when attempting to add a duplicate key. (https://aka.ms/aspnet/analyzers) [C:\Users\Aaron Sequeira\NexusHome_IoT\NexusHome.IoT.csproj]
C:\Users\Aaron Sequeira\NexusHome_IoT\Tests\Unit\Services\EnhancedMqttClientServiceTests.cs(84,17): warning xUnit1012: Null should not be used for type parameter 'invalidPayload' of type 'string'. Use a non-null value, or convert the parameter to a nullable type. (https://xunit.net/xunit.analyzers/rules/xUnit1012) [C:\Users\Aaron Sequeira\NexusHome_IoT\NexusHome.IoT.csproj]
C:\Users\Aaron Sequeira\NexusHome_IoT\Tests\Unit\Services\EnhancedMqttClientServiceTests.cs(102,17): warning xUnit1012: Null should not be used for type parameter 'invalidTopicName' of type 'string'. Use a non-null value, or convert the parameter to a nullable type. (https://xunit.net/xunit.analyzers/rules/xUnit1012) [C:\Users\Aaron Sequeira\NexusHome_IoT\NexusHome.IoT.csproj]
C:\Users\Aaron Sequeira\NexusHome_IoT\Tests\Unit\Services\EnhancedMqttClientServiceTests.cs(137,17): warning xUnit1012: Null should not be used for type parameter 'invalidDeviceId' of type 'string'. Use a non-null value, or convert the parameter to a nullable type. (https://xunit.net/xunit.analyzers/rules/xUnit1012) [C:\Users\Aaron Sequeira\NexusHome_IoT\NexusHome.IoT.csproj]
C:\Users\Aaron Sequeira\NexusHome_IoT\Tests\Unit\Services\EnhancedMqttClientServiceTests.cs(167,17): warning xUnit1012: Null should not be used for type parameter 'invalidDeviceId' of type 'string'. Use a non-null value, or convert the parameter to a nullable type. (https://xunit.net/xunit.analyzers/rules/xUnit1012) [C:\Users\Aaron Sequeira\NexusHome_IoT\NexusHome.IoT.csproj]
C:\Users\Aaron Sequeira\NexusHome_IoT\Tests\Unit\Services\EnhancedMqttClientServiceTests.cs(185,17): warning xUnit1012: Null should not be used for type parameter 'invalidCommandType' of type 'string'. Use a non-null value, or convert the parameter to a nullable type. (https://xunit.net/xunit.analyzers/rules/xUnit1012) [C:\Users\Aaron Sequeira\NexusHome_IoT\NexusHome.IoT.csproj]
C:\Users\Aaron Sequeira\NexusHome_IoT\Tests\Unit\Services\EnhancedMqttClientServiceTests.cs(203,17): warning xUnit1012: Null should not be used for type parameter 'invalidAlertType' of type 'string'. Use a non-null value, or convert the parameter to a nullable type. (https://xunit.net/xunit.analyzers/rules/xUnit1012) [C:\Users\Aaron Sequeira\NexusHome_IoT\NexusHome.IoT.csproj]
C:\Users\Aaron Sequeira\NexusHome_IoT\Tests\Unit\Services\EnhancedMqttClientServiceTests.cs(221,17): warning xUnit1012: Null should not be used for type parameter 'invalidAlertMessage' of type 'string'. Use a non-null value, or convert the parameter to a nullable type. (https://xunit.net/xunit.analyzers/rules/xUnit1012) [C:\Users\Aaron Sequeira\NexusHome_IoT\NexusHome.IoT.csproj]
C:\Users\Aaron Sequeira\NexusHome_IoT\Tests\Unit\Services\EnhancedMqttClientServiceTests.cs(239,17): warning xUnit1012: Null should not be used for type parameter 'invalidTopicPattern' of type 'string'. Use a non-null value, or convert the parameter to a nullable type. (https://xunit.net/xunit.analyzers/rules/xUnit1012) [C:\Users\Aaron Sequeira\NexusHome_IoT\NexusHome.IoT.csproj]
C:\Users\Aaron Sequeira\NexusHome_IoT\Tests\Unit\Services\PredictiveMaintenanceServiceTests.cs(225,17): warning xUnit1012: Null should not be used for type parameter 'deviceType' of type 'string'. Use a non-null value, or convert the parameter to a nullable type. (https://xunit.net/xunit.analyzers/rules/xUnit1012) [C:\Users\Aaron Sequeira\NexusHome_IoT\NexusHome.IoT.csproj]
C:\Program Files\dotnet\sdk\8.0.417\Microsoft.Common.CurrentVersion.targets(5321,5): error MSB3030: Could not copy the file "C:\Users\Aaron Sequeira\NexusHome_IoT\docker-compose.prod.yml" because it was not found. [C:\Users\Aaron Sequeira\NexusHome_IoT\NexusHome.IoT.csproj]
C:\Program Files\dotnet\sdk\8.0.417\Microsoft.Common.CurrentVersion.targets(5321,5): error MSB3030: Could not copy the file "C:\Users\Aaron Sequeira\NexusHome_IoT\railway.json" because it was not found. [C:\Users\Aaron Sequeira\NexusHome_IoT\NexusHome.IoT.csproj]

Build FAILED.

C:\Users\Aaron Sequeira\NexusHome_IoT\NexusHome.IoT.csproj : warning NU1608: Detected package version outside of dependency constraint: AutoMapper.Extensions.Microsoft.DependencyInjection 12.0.1 requires AutoMapper (= 12.0.1) but version AutoMapper 13.0.1 was resolved.
C:\Users\Aaron Sequeira\NexusHome_IoT\NexusHome.IoT.csproj : warning NU1608: Detected package version outside of dependency constraint: MediatR.Extensions.Microsoft.DependencyInjection 11.1.0 requires MediatR (>= 11.0.0 && < 12.0.0) but version MediatR 12.4.1 was resolved.
C:\Users\Aaron Sequeira\NexusHome_IoT\NexusHome.IoT.csproj : warning NU1608: Detected package version outside of dependency constraint: AutoMapper.Extensions.Microsoft.DependencyInjection 12.0.1 requires AutoMapper (= 12.0.1) but version AutoMapper 13.0.1 was resolved.
C:\Users\Aaron Sequeira\NexusHome_IoT\NexusHome.IoT.csproj : warning NU1608: Detected package version outside of dependency constraint: MediatR.Extensions.Microsoft.DependencyInjection 11.1.0 requires MediatR (>= 11.0.0 && < 12.0.0) but version MediatR 12.4.1 was resolved.
C:\Users\Aaron Sequeira\.nuget\packages\microsoft.net.test.sdk\17.11.1\build\netcoreapp3.1\Microsoft.NET.Test.Sdk.Program.cs(4,41): warning CS7022: The entry point of the program is global code; ignoring 'AutoGeneratedProgram.Main(string[])' entry point. [C:\Users\Aaron Sequeira\NexusHome_IoT\NexusHome.IoT.csproj]
C:\Users\Aaron Sequeira\NexusHome_IoT\Core\Services\SecurityManager.cs(15,29): warning CS1998: This async method lacks 'await' operators and will run synchronously. Consider using the 'await' operator to await non-blocking API calls, or 'await Task.Run(...)' to do CPU-bound work on a background thread. [C:\Users\Aaron Sequeira\NexusHome_IoT\NexusHome.IoT.csproj]
C:\Users\Aaron Sequeira\NexusHome_IoT\Core\Services\PredictiveMaintenanceService.cs(53,47): warning CS1998: This async method lacks 'await' operators and will run synchronously. Consider using the 'await' operator to await non-blocking API calls, or 'await Task.Run(...)' to do CPU-bound work on a background thread. [C:\Users\Aaron Sequeira\NexusHome_IoT\NexusHome.IoT.csproj]
C:\Users\Aaron Sequeira\NexusHome_IoT\Core\Services\PredictiveMaintenanceService.cs(63,42): warning CS1998: This async method lacks 'await' operators and will run synchronously. Consider using the 'await' operator to await non-blocking API calls, or 'await Task.Run(...)' to do CPU-bound work on a background thread. [C:\Users\Aaron Sequeira\NexusHome_IoT\NexusHome.IoT.csproj]
C:\Users\Aaron Sequeira\NexusHome_IoT\Infrastructure\Services\MatterService.cs(78,23): warning CS1998: This async method lacks 'await' operators and will run synchronously. Consider using the 'await' operator to await non-blocking API calls, or 'await Task.Run(...)' to do CPU-bound work on a background thread. [C:\Users\Aaron Sequeira\NexusHome_IoT\NexusHome.IoT.csproj]
C:\Users\Aaron Sequeira\NexusHome_IoT\Core\DTOs\EnergyOptimizationDTOs.cs(274,19): warning CS8618: Non-nullable property 'CurrentSettings' must contain a non-null value when exiting constructor. Consider adding the 'required' modifier or declaring the property as nullable. [C:\Users\Aaron Sequeira\NexusHome_IoT\NexusHome.IoT.csproj]
C:\Users\Aaron Sequeira\NexusHome_IoT\Core\DTOs\EnergyOptimizationDTOs.cs(275,19): warning CS8618: Non-nullable property 'OptimalSettings' must contain a non-null value when exiting constructor. Consider adding the 'required' modifier or declaring the property as nullable. [C:\Users\Aaron Sequeira\NexusHome_IoT\NexusHome.IoT.csproj]
C:\Users\Aaron Sequeira\NexusHome_IoT\Core\DTOs\EnergyOptimizationDTOs.cs(261,31): warning CS8618: Non-nullable property 'UserPreferences' must contain a non-null value when exiting constructor. Consider adding the 'required' modifier or declaring the property as nullable. [C:\Users\Aaron Sequeira\NexusHome_IoT\NexusHome.IoT.csproj]
C:\Users\Aaron Sequeira\NexusHome_IoT\Core\DTOs\EnergyOptimizationDTOs.cs(51,19): warning CS8618: Non-nullable property 'CurrentSchedule' must contain a non-null value when exiting constructor. Consider adding the 'required' modifier or declaring the property as nullable. [C:\Users\Aaron Sequeira\NexusHome_IoT\NexusHome.IoT.csproj]
C:\Users\Aaron Sequeira\NexusHome_IoT\Core\DTOs\EnergyOptimizationDTOs.cs(52,19): warning CS8618: Non-nullable property 'RecommendedSchedule' must contain a non-null value when exiting constructor. Consider adding the 'required' modifier or declaring the property as nullable. [C:\Users\Aaron Sequeira\NexusHome_IoT\NexusHome.IoT.csproj]
C:\Users\Aaron Sequeira\NexusHome_IoT\Controllers\AutomationController.cs(134,31): warning CS8601: Possible null reference assignment. [C:\Users\Aaron Sequeira\NexusHome_IoT\NexusHome.IoT.csproj]
C:\Users\Aaron Sequeira\NexusHome_IoT\Infrastructure\Services\DeviceDataCollectionService.cs(57,24): warning CS1998: This async method lacks 'await' operators and will run synchronously. Consider using the 'await' operator to await non-blocking API calls, or 'await Task.Run(...)' to do CPU-bound work on a background thread. [C:\Users\Aaron Sequeira\NexusHome_IoT\NexusHome.IoT.csproj]
C:\Users\Aaron Sequeira\NexusHome_IoT\Core\DTOs\EnergyOptimizationDTOs.cs(196,27): warning CS8618: Non-nullable property 'PredictionInterval' must contain a non-null value when exiting constructor. Consider adding the 'required' modifier or declaring the property as nullable. [C:\Users\Aaron Sequeira\NexusHome_IoT\NexusHome.IoT.csproj]
C:\Users\Aaron Sequeira\NexusHome_IoT\Core\DTOs\EnergyOptimizationDTOs.cs(80,19): warning CS8618: Non-nullable property 'ChargingSchedule' must contain a non-null value when exiting constructor. Consider adding the 'required' modifier or declaring the property as nullable. [C:\Users\Aaron Sequeira\NexusHome_IoT\NexusHome.IoT.csproj]
C:\Users\Aaron Sequeira\NexusHome_IoT\Core\DTOs\EnergyOptimizationDTOs.cs(81,19): warning CS8618: Non-nullable property 'DischargingSchedule' must contain a non-null value when exiting constructor. Consider adding the 'required' modifier or declaring the property as nullable. [C:\Users\Aaron Sequeira\NexusHome_IoT\NexusHome.IoT.csproj]
C:\Users\Aaron Sequeira\NexusHome_IoT\Core\DTOs\EnergyOptimizationDTOs.cs(100,19): warning CS8618: Non-nullable property 'DirectConsumptionPlan' must contain a non-null value when exiting constructor. Consider adding the 'required' modifier or declaring the property as nullable. [C:\Users\Aaron Sequeira\NexusHome_IoT\NexusHome.IoT.csproj]
C:\Users\Aaron Sequeira\NexusHome_IoT\Core\DTOs\EnergyOptimizationDTOs.cs(101,19): warning CS8618: Non-nullable property 'StorageAllocationPlan' must contain a non-null value when exiting constructor. Consider adding the 'required' modifier or declaring the property as nullable. [C:\Users\Aaron Sequeira\NexusHome_IoT\NexusHome.IoT.csproj]
C:\Users\Aaron Sequeira\NexusHome_IoT\Core\DTOs\EnergyOptimizationDTOs.cs(102,19): warning CS8618: Non-nullable property 'GridExportPlan' must contain a non-null value when exiting constructor. Consider adding the 'required' modifier or declaring the property as nullable. [C:\Users\Aaron Sequeira\NexusHome_IoT\NexusHome.IoT.csproj]
C:\Users\Aaron Sequeira\NexusHome_IoT\Core\DTOs\EnergyOptimizationDTOs.cs(167,19): warning CS8618: Non-nullable property 'ActionId' must contain a non-null value when exiting constructor. Consider adding the 'required' modifier or declaring the property as nullable. [C:\Users\Aaron Sequeira\NexusHome_IoT\NexusHome.IoT.csproj]
C:\Users\Aaron Sequeira\NexusHome_IoT\Infrastructure\Services\MatterService.cs(164,24): warning CS1998: This async method lacks 'await' operators and will run synchronously. Consider using the 'await' operator to await non-blocking API calls, or 'await Task.Run(...)' to do CPU-bound work on a background thread. [C:\Users\Aaron Sequeira\NexusHome_IoT\NexusHome.IoT.csproj]
C:\Users\Aaron Sequeira\NexusHome_IoT\Infrastructure\Data\DatabaseSeeder.cs(181,31): warning CS1998: This async method lacks 'await' operators and will run synchronously. Consider using the 'await' operator to await non-blocking API calls, or 'await Task.Run(...)' to do CPU-bound work on a background thread. [C:\Users\Aaron Sequeira\NexusHome_IoT\NexusHome.IoT.csproj]
C:\Users\Aaron Sequeira\NexusHome_IoT\Infrastructure\Data\DatabaseSeeder.cs(229,31): warning CS1998: This async method lacks 'await' operators and will run synchronously. Consider using the 'await' operator to await non-blocking API calls, or 'await Task.Run(...)' to do CPU-bound work on a background thread. [C:\Users\Aaron Sequeira\NexusHome_IoT\NexusHome.IoT.csproj]
C:\Users\Aaron Sequeira\NexusHome_IoT\Tests\Unit\Services\EnhancedMqttClientServiceTests.cs(380,13): warning CS0219: The variable 'messageReceived' is assigned but its value is never used [C:\Users\Aaron Sequeira\NexusHome_IoT\NexusHome.IoT.csproj]
C:\Users\Aaron Sequeira\NexusHome_IoT\Core\Services\EnergyOptimizationService.cs(240,55): warning CS1998: This async method lacks 'await' operators and will run synchronously. Consider using the 'await' operator to await non-blocking API calls, or 'await Task.Run(...)' to do CPU-bound work on a background thread. [C:\Users\Aaron Sequeira\NexusHome_IoT\NexusHome.IoT.csproj]
C:\Users\Aaron Sequeira\NexusHome_IoT\Tests\Integration\Controllers\SmartDevicesControllerIntegrationTests.cs(434,9): warning CS8602: Dereference of a possibly null reference. [C:\Users\Aaron Sequeira\NexusHome_IoT\NexusHome.IoT.csproj]
C:\Users\Aaron Sequeira\NexusHome_IoT\Tests\Integration\Controllers\SmartDevicesControllerIntegrationTests.cs(518,9): warning CS8602: Dereference of a possibly null reference. [C:\Users\Aaron Sequeira\NexusHome_IoT\NexusHome.IoT.csproj]
C:\Users\Aaron Sequeira\NexusHome_IoT\Infrastructure\Services\MatterService.cs(25,55): warning CS0067: The event 'MatterService.DeviceCommissioned' is never used [C:\Users\Aaron Sequeira\NexusHome_IoT\NexusHome.IoT.csproj]
C:\Users\Aaron Sequeira\NexusHome_IoT\Infrastructure\Services\MatterService.cs(26,55): warning CS0067: The event 'MatterService.DeviceDecommissioned' is never used [C:\Users\Aaron Sequeira\NexusHome_IoT\NexusHome.IoT.csproj]
C:\Users\Aaron Sequeira\NexusHome_IoT\Infrastructure\Services\MatterService.cs(27,58): warning CS0067: The event 'MatterService.AttributeChanged' is never used [C:\Users\Aaron Sequeira\NexusHome_IoT\NexusHome.IoT.csproj]
C:\Users\Aaron Sequeira\NexusHome_IoT\Infrastructure\Services\MatterService.cs(21,18): warning CS0414: The field 'MatterService._isStarted' is assigned but its value is never used [C:\Users\Aaron Sequeira\NexusHome_IoT\NexusHome.IoT.csproj]
C:\Users\Aaron Sequeira\NexusHome_IoT\API\Middleware\SecurityHeadersMiddleware.cs(17,13): warning ASP0019: Use IHeaderDictionary.Append or the indexer to append or set headers. IDictionary.Add will throw an ArgumentException when attempting to add a duplicate key. (https://aka.ms/aspnet/analyzers) [C:\Users\Aaron Sequeira\NexusHome_IoT\NexusHome.IoT.csproj]
C:\Users\Aaron Sequeira\NexusHome_IoT\API\Middleware\SecurityHeadersMiddleware.cs(18,13): warning ASP0019: Use IHeaderDictionary.Append or the indexer to append or set headers. IDictionary.Add will throw an ArgumentException when attempting to add a duplicate key. (https://aka.ms/aspnet/analyzers) [C:\Users\Aaron Sequeira\NexusHome_IoT\NexusHome.IoT.csproj]
C:\Users\Aaron Sequeira\NexusHome_IoT\API\Middleware\SecurityHeadersMiddleware.cs(19,13): warning ASP0019: Use IHeaderDictionary.Append or the indexer to append or set headers. IDictionary.Add will throw an ArgumentException when attempting to add a duplicate key. (https://aka.ms/aspnet/analyzers) [C:\Users\Aaron Sequeira\NexusHome_IoT\NexusHome.IoT.csproj]
C:\Users\Aaron Sequeira\NexusHome_IoT\Tests\Unit\Services\EnhancedMqttClientServiceTests.cs(84,17): warning xUnit1012: Null should not be used for type parameter 'invalidPayload' of type 'string'. Use a non-null value, or convert the parameter to a nullable type. (https://xunit.net/xunit.analyzers/rules/xUnit1012) [C:\Users\Aaron Sequeira\NexusHome_IoT\NexusHome.IoT.csproj]
C:\Users\Aaron Sequeira\NexusHome_IoT\Tests\Unit\Services\EnhancedMqttClientServiceTests.cs(102,17): warning xUnit1012: Null should not be used for type parameter 'invalidTopicName' of type 'string'. Use a non-null value, or convert the parameter to a nullable type. (https://xunit.net/xunit.analyzers/rules/xUnit1012) [C:\Users\Aaron Sequeira\NexusHome_IoT\NexusHome.IoT.csproj]
C:\Users\Aaron Sequeira\NexusHome_IoT\Tests\Unit\Services\EnhancedMqttClientServiceTests.cs(137,17): warning xUnit1012: Null should not be used for type parameter 'invalidDeviceId' of type 'string'. Use a non-null value, or convert the parameter to a nullable type. (https://xunit.net/xunit.analyzers/rules/xUnit1012) [C:\Users\Aaron Sequeira\NexusHome_IoT\NexusHome.IoT.csproj]
C:\Users\Aaron Sequeira\NexusHome_IoT\Tests\Unit\Services\EnhancedMqttClientServiceTests.cs(167,17): warning xUnit1012: Null should not be used for type parameter 'invalidDeviceId' of type 'string'. Use a non-null value, or convert the parameter to a nullable type. (https://xunit.net/xunit.analyzers/rules/xUnit1012) [C:\Users\Aaron Sequeira\NexusHome_IoT\NexusHome.IoT.csproj]
C:\Users\Aaron Sequeira\NexusHome_IoT\Tests\Unit\Services\EnhancedMqttClientServiceTests.cs(185,17): warning xUnit1012: Null should not be used for type parameter 'invalidCommandType' of type 'string'. Use a non-null value, or convert the parameter to a nullable type. (https://xunit.net/xunit.analyzers/rules/xUnit1012) [C:\Users\Aaron Sequeira\NexusHome_IoT\NexusHome.IoT.csproj]
C:\Users\Aaron Sequeira\NexusHome_IoT\Tests\Unit\Services\EnhancedMqttClientServiceTests.cs(203,17): warning xUnit1012: Null should not be used for type parameter 'invalidAlertType' of type 'string'. Use a non-null value, or convert the parameter to a nullable type. (https://xunit.net/xunit.analyzers/rules/xUnit1012) [C:\Users\Aaron Sequeira\NexusHome_IoT\NexusHome.IoT.csproj]
C:\Users\Aaron Sequeira\NexusHome_IoT\Tests\Unit\Services\EnhancedMqttClientServiceTests.cs(221,17): warning xUnit1012: Null should not be used for type parameter 'invalidAlertMessage' of type 'string'. Use a non-null value, or convert the parameter to a nullable type. (https://xunit.net/xunit.analyzers/rules/xUnit1012) [C:\Users\Aaron Sequeira\NexusHome_IoT\NexusHome.IoT.csproj]
C:\Users\Aaron Sequeira\NexusHome_IoT\Tests\Unit\Services\EnhancedMqttClientServiceTests.cs(239,17): warning xUnit1012: Null should not be used for type parameter 'invalidTopicPattern' of type 'string'. Use a non-null value, or convert the parameter to a nullable type. (https://xunit.net/xunit.analyzers/rules/xUnit1012) [C:\Users\Aaron Sequeira\NexusHome_IoT\NexusHome.IoT.csproj]
C:\Users\Aaron Sequeira\NexusHome_IoT\Tests\Unit\Services\PredictiveMaintenanceServiceTests.cs(225,17): warning xUnit1012: Null should not be used for type parameter 'deviceType' of type 'string'. Use a non-null value, or convert the parameter to a nullable type. (https://xunit.net/xunit.analyzers/rules/xUnit1012) [C:\Users\Aaron Sequeira\NexusHome_IoT\NexusHome.IoT.csproj]
C:\Program Files\dotnet\sdk\8.0.417\Microsoft.Common.CurrentVersion.targets(5321,5): error MSB3030: Could not copy the file "C:\Users\Aaron Sequeira\NexusHome_IoT\docker-compose.prod.yml" because it was not found. [C:\Users\Aaron Sequeira\NexusHome_IoT\NexusHome.IoT.csproj]
C:\Program Files\dotnet\sdk\8.0.417\Microsoft.Common.CurrentVersion.targets(5321,5): error MSB3030: Could not copy the file "C:\Users\Aaron Sequeira\NexusHome_IoT\railway.json" because it was not found. [C:\Users\Aaron Sequeira\NexusHome_IoT\NexusHome.IoT.csproj]
    46 Warning(s)
    2 Error(s)

Time Elapsed 00:00:17.49
