  Determining projects to restore...
C:\Users\Aaron Sequeira\NexusHome_IoT\NexusHome.IoT.csproj : warning NU1608: Detected package version outside of dependency constraint: AutoMapper.Extensions.Microsoft.DependencyInjection 12.0.1 requires AutoMapper (= 12.0.1) but version AutoMapper 13.0.1 was resolved.
C:\Users\Aaron Sequeira\NexusHome_IoT\NexusHome.IoT.csproj : warning NU1608: Detected package version outside of dependency constraint: MediatR.Extensions.Microsoft.DependencyInjection 11.1.0 requires MediatR (>= 11.0.0 && < 12.0.0) but version MediatR 12.4.1 was resolved.
  All projects are up-to-date for restore.
C:\Program Files\dotnet\sdk\8.0.417\Sdks\Microsoft.NET.Sdk\targets\Microsoft.NET.Sdk.DefaultItems.Shared.targets(213,5): error NETSDK1022: Duplicate 'Content' items were included. The .NET SDK includes 'Content' items from your project directory by default. You can either remove these items from your project file, or set the 'EnableDefaultContentItems' property to 'false' if you want to explicitly include them in your project file. For more information, see https://aka.ms/sdkimplicititems. The duplicate items were: 'railway.json' [C:\Users\Aaron Sequeira\NexusHome_IoT\NexusHome.IoT.csproj]

Build FAILED.

C:\Users\Aaron Sequeira\NexusHome_IoT\NexusHome.IoT.csproj : warning NU1608: Detected package version outside of dependency constraint: AutoMapper.Extensions.Microsoft.DependencyInjection 12.0.1 requires AutoMapper (= 12.0.1) but version AutoMapper 13.0.1 was resolved.
C:\Users\Aaron Sequeira\NexusHome_IoT\NexusHome.IoT.csproj : warning NU1608: Detected package version outside of dependency constraint: MediatR.Extensions.Microsoft.DependencyInjection 11.1.0 requires MediatR (>= 11.0.0 && < 12.0.0) but version MediatR 12.4.1 was resolved.
C:\Program Files\dotnet\sdk\8.0.417\Sdks\Microsoft.NET.Sdk\targets\Microsoft.NET.Sdk.DefaultItems.Shared.targets(213,5): error NETSDK1022: Duplicate 'Content' items were included. The .NET SDK includes 'Content' items from your project directory by default. You can either remove these items from your project file, or set the 'EnableDefaultContentItems' property to 'false' if you want to explicitly include them in your project file. For more information, see https://aka.ms/sdkimplicititems. The duplicate items were: 'railway.json' [C:\Users\Aaron Sequeira\NexusHome_IoT\NexusHome.IoT.csproj]
    2 Warning(s)
    1 Error(s)

Time Elapsed 00:00:01.19

